// Jest Snapshot v1, https://goo.gl/fbAQLP

exports[`Button component should render with a label 1`] = `
<button>
  Works
</button>
`;
