// Jest Snapshot v1, https://goo.gl/fbAQLP

exports[`PrimaryNavigation component should render 1`] = `
<div
  className="primary-navigation"
/>
`;
